
===============Init Logging================

12/05/2003 - 14:29:35 	===== Ouverture de session =====
12/05/2003 - 14:34:40 	Début du calcul
12/05/2003 - 14:34:40 	Nombre de positions : 277
12/05/2003 - 14:34:40 	Simulation inactivée
12/05/2003 - 14:34:40 	Lecture des conditions initiales
12/05/2003 - 14:34:46 	Fin du calcul
12/05/2003 - 14:35:17 	Début du calcul
12/05/2003 - 14:35:17 	Nombre de positions : 277
12/05/2003 - 14:35:17 	Simulation inactivée
12/05/2003 - 14:35:17 	Lecture des conditions initiales
12/05/2003 - 14:35:19 	Analyse du système incorrecte
12/05/2003 - 14:35:19 	Abandon du calcul
12/05/2003 - 14:35:25 	Début du calcul
12/05/2003 - 14:35:25 	Nombre de positions : 277
12/05/2003 - 14:35:25 	Simulation inactivée
12/05/2003 - 14:35:25 	Lecture des conditions initiales
12/05/2003 - 14:35:26 	Fin du calcul
12/05/2003 - 14:36:21 	Début du calcul
12/05/2003 - 14:36:21 	Nombre de positions : 4000
12/05/2003 - 14:36:21 	Simulation inactivée
12/05/2003 - 14:36:21 	Lecture des conditions initiales
12/05/2003 - 14:36:28 	Calcul interrompu après la position 751
12/05/2003 - 14:36:28 	Fin du calcul
12/05/2003 - 14:36:38 	Début du calcul
12/05/2003 - 14:36:38 	Nombre de positions : 4000
12/05/2003 - 14:36:38 	Simulation inactivée
12/05/2003 - 14:36:38 	Lecture des conditions initiales
12/05/2003 - 14:36:59 	Fin du calcul
12/05/2003 - 14:41:15 	Début du calcul
12/05/2003 - 14:41:15 	Nombre de positions : 4000
12/05/2003 - 14:41:15 	Simulation inactivée
12/05/2003 - 14:41:15 	Lecture des conditions initiales
12/05/2003 - 14:41:35 	Fin du calcul
12/05/2003 - 14:43:11 	Début du calcul
12/05/2003 - 14:43:11 	Nombre de positions : 4000
12/05/2003 - 14:43:11 	Simulation inactivée
12/05/2003 - 14:43:11 	Lecture des conditions initiales
12/05/2003 - 14:43:33 	Fin du calcul
12/05/2003 - 14:46:18 	Début du calcul
12/05/2003 - 14:46:18 	Nombre de positions : 4000
12/05/2003 - 14:46:18 	Simulation inactivée
12/05/2003 - 14:46:18 	Lecture des conditions initiales
12/05/2003 - 14:46:38 	Fin du calcul
12/05/2003 - 14:47:41 	===== Fermeture de session =====

===============Finish Logging================


===============Init Logging================

12/05/2003 - 17:02:43 	===== Ouverture de session =====
12/05/2003 - 17:04:39 	Début du calcul
12/05/2003 - 17:04:39 	Nombre de positions : 4000
12/05/2003 - 17:04:39 	Simulation inactivée
12/05/2003 - 17:04:39 	Lecture des conditions initiales
12/05/2003 - 17:04:45 	Fin du calcul
12/05/2003 - 17:07:26 	Début du calcul
12/05/2003 - 17:07:26 	Nombre de positions : 4000
12/05/2003 - 17:07:26 	Simulation inactivée
12/05/2003 - 17:07:26 	Lecture des conditions initiales
12/05/2003 - 17:07:31 	Fin du calcul
12/05/2003 - 17:09:29 	Début du calcul
12/05/2003 - 17:09:29 	Nombre de positions : 4000
12/05/2003 - 17:09:29 	Simulation inactivée
12/05/2003 - 17:09:29 	Lecture des conditions initiales
12/05/2003 - 17:09:35 	Fin du calcul
12/05/2003 - 17:11:32 	Début du calcul
12/05/2003 - 17:11:32 	Nombre de positions : 4000
12/05/2003 - 17:11:32 	Simulation inactivée
12/05/2003 - 17:11:32 	Lecture des conditions initiales
12/05/2003 - 17:11:37 	Fin du calcul
12/05/2003 - 17:19:33 	Début du calcul
12/05/2003 - 17:19:33 	Nombre de positions : 4000
12/05/2003 - 17:19:33 	Simulation inactivée
12/05/2003 - 17:19:33 	Lecture des conditions initiales
12/05/2003 - 17:19:39 	Fin du calcul
12/05/2003 - 17:26:01 	Début du calcul
12/05/2003 - 17:26:01 	Nombre de positions : 4000
12/05/2003 - 17:26:01 	Simulation inactivée
12/05/2003 - 17:26:01 	Lecture des conditions initiales
12/05/2003 - 17:26:06 	Fin du calcul
12/05/2003 - 17:26:43 	Début du calcul
12/05/2003 - 17:26:43 	Nombre de positions : 4000
12/05/2003 - 17:26:43 	Simulation inactivée
12/05/2003 - 17:26:43 	Lecture des conditions initiales
12/05/2003 - 17:26:49 	Fin du calcul
12/05/2003 - 17:42:26 	Début du calcul
12/05/2003 - 17:42:26 	Nombre de positions : 4000
12/05/2003 - 17:42:26 	Simulation inactivée
12/05/2003 - 17:42:26 	Lecture des conditions initiales
12/05/2003 - 17:42:33 	Fin du calcul
12/05/2003 - 18:14:48 	===== Fermeture de session =====

===============Finish Logging================


===============Init Logging================

13/05/2003 - 16:12:32 	===== Ouverture de session =====
13/05/2003 - 16:13:53 	Début du calcul
13/05/2003 - 16:13:53 	Nombre de positions : 4000
13/05/2003 - 16:13:53 	Simulation inactivée
13/05/2003 - 16:13:53 	Lecture des conditions initiales
13/05/2003 - 16:13:59 	Fin du calcul
13/05/2003 - 18:48:52 	Début du calcul
13/05/2003 - 18:48:52 	Nombre de positions : 4000
13/05/2003 - 18:48:52 	Simulation inactivée
13/05/2003 - 18:48:52 	Lecture des conditions initiales
13/05/2003 - 18:48:58 	Fin du calcul
13/05/2003 - 19:20:19 	Début du calcul
13/05/2003 - 19:20:19 	Nombre de positions : 4000
13/05/2003 - 19:20:19 	Simulation inactivée
13/05/2003 - 19:20:19 	Lecture des conditions initiales
13/05/2003 - 19:20:25 	Fin du calcul
13/05/2003 - 19:40:25 	===== Fermeture de session =====

===============Finish Logging================


===============Init Logging================

14/05/2003 - 15:29:18 	===== Ouverture de session =====
14/05/2003 - 15:30:06 	===== Fermeture de session =====

===============Finish Logging================


===============Init Logging================

14/05/2003 - 16:43:02 	===== Ouverture de session =====
14/05/2003 - 17:00:19 	Début du calcul
14/05/2003 - 17:00:19 	Nombre de positions : 4000
14/05/2003 - 17:00:19 	Simulation inactivée
14/05/2003 - 17:00:19 	Lecture des conditions initiales
14/05/2003 - 17:00:25 	Fin du calcul
14/05/2003 - 17:01:55 	Début du calcul
14/05/2003 - 17:01:55 	Nombre de positions : 4000
14/05/2003 - 17:01:55 	Simulation inactivée
14/05/2003 - 17:01:55 	Lecture des conditions initiales
14/05/2003 - 17:02:01 	Fin du calcul
14/05/2003 - 17:06:05 	Début du calcul
14/05/2003 - 17:06:05 	Nombre de positions : 4000
14/05/2003 - 17:06:05 	Simulation inactivée
14/05/2003 - 17:06:05 	Lecture des conditions initiales
14/05/2003 - 17:06:11 	Fin du calcul
14/05/2003 - 17:07:48 	===== Fermeture de session =====

===============Finish Logging================


===============Init Logging================

14/05/2003 - 17:13:24 	===== Ouverture de session =====
14/05/2003 - 17:13:43 	===== Fermeture de session =====

===============Finish Logging================


===============Init Logging================

11/03/2004 - 19:29:54 	===== Ouverture de session =====
11/03/2004 - 19:29:54 	Computing bounding box
11/03/2004 - 19:31:24 	Début du calcul
11/03/2004 - 19:31:24 	Nombre de positions : 4000
11/03/2004 - 19:31:24 	Simulation inactivée
11/03/2004 - 19:31:24 	Lecture des conditions initiales
11/03/2004 - 19:31:32 	Fin du calcul
11/03/2004 - 19:31:51 	===== Fermeture de session =====

===============Finish Logging================


===============Init Logging================

09/02/2012 - 10:22:08 	===== Ouverture de session =====
09/02/2012 - 10:23:30 	Début du calcul
09/02/2012 - 10:23:30 	Nombre de positions : 4000
09/02/2012 - 10:23:30 	Simulation inactivée
09/02/2012 - 10:23:30 	Lecture des conditions initiales
09/02/2012 - 10:23:37 	Fin du calcul
09/02/2012 - 10:24:46 	Début du calcul
09/02/2012 - 10:24:46 	Nombre de positions : 4000
09/02/2012 - 10:24:46 	Simulation inactivée
09/02/2012 - 10:24:46 	Lecture des conditions initiales
09/02/2012 - 10:24:51 	Fin du calcul
09/02/2012 - 11:24:42 	===== Fermeture de session =====

===============Finish Logging================


===============Init Logging================

11/04/2012 - 10:04:32 	===== Ouverture de session =====
11/04/2012 - 10:04:55 	===== Fermeture de session =====

===============Finish Logging================

